test_not_now (test.test_convertbot.TestConvertBot) ... ok
test_post_time (test.test_convertbot.TestConvertBot) ... ok
test_cafebabe_from_radix_16 (test.test_convertbot.TestConvertBotUtil) ... ok
test_convert_random_big_number_from_8_to_16 (test.test_convertbot.TestConvertBotUtil) ... ok
test_empty_from_radix_16 (test.test_convertbot.TestConvertBotUtil) ... ok
test_random_big_number_to_radix_16 (test.test_convertbot.TestConvertBotUtil) ... ok
test_zero_to_radix_16 (test.test_convertbot.TestConvertBotUtil) ... ok
test_00_00 (test.test_deoldehove.TestDeOldehove) ... ok
test_01_00_into_the_grave (test.test_deoldehove.TestDeOldehove) ... ok
test_01_00_lwd_culinair (test.test_deoldehove.TestDeOldehove) ... ok
test_23_00 (test.test_deoldehove.TestDeOldehove) ... ok
test_half_hours (test.test_deoldehove.TestDeOldehove) ... ok
test_hoeuiii (test.test_hetluchtalarm.TestHetLuchtalarm) ... ok
test_pasen_2013 (test.test_hetluchtalarm.TestHetLuchtalarm) ... ok
test_last_full_moon_of_2013 (test.test_maanfase.TestMaanfase) ... ok
test_no_phase (test.test_maanfase.TestMaanfase) ... ok
test_no_phase_year_already_set (test.test_maanfase.TestMaanfase) ... ok
test_last_full_moon_of_2013 (test.test_maanfase.TestMaanfaseModel) ... ok
test_no_phase (test.test_maanfase.TestMaanfaseModel) ... ok
test_authorization (test.test_oauth1.TestOauth1) ... ok
test_calc_sig (test.test_oauth1.TestOauth1) ... ok
test_create_request (test.test_oauth1.TestOauth1) ... ok
test_nonce (test.test_oauth1.TestOauth1) ... ok
test_oauth_param_str (test.test_oauth1.TestOauth1) ... ok
test_oauth_params (test.test_oauth1.TestOauth1) ... ok
test_request (test.test_oauth1.TestOauth1) ... ok
test_sig_key (test.test_oauth1.TestOauth1) ... ok
test_sig_str (test.test_oauth1.TestOauth1) ... ok
test_timestamp (test.test_oauth1.TestOauth1) ... ok
test_daily_1 (test.test_y2k38warning.TestY2K38Warning) ... ok
test_daily_31 (test.test_y2k38warning.TestY2K38Warning) ... ok
test_every_minute_1 (test.test_y2k38warning.TestY2K38Warning) ... ok
test_every_minute_60 (test.test_y2k38warning.TestY2K38Warning) ... ok
test_every_second_1 (test.test_y2k38warning.TestY2K38Warning) ... ok
test_every_second_60 (test.test_y2k38warning.TestY2K38Warning) ... ok
test_hourly_1 (test.test_y2k38warning.TestY2K38Warning) ... ok
test_hourly_24 (test.test_y2k38warning.TestY2K38Warning) ... ok
test_monthly_1 (test.test_y2k38warning.TestY2K38Warning) ... ok
test_monthly_12 (test.test_y2k38warning.TestY2K38Warning) ... ok
test_yearly_1 (test.test_y2k38warning.TestY2K38Warning) ... ok
test_yearly_24 (test.test_y2k38warning.TestY2K38Warning) ... ok
test_zero (test.test_y2k38warning.TestY2K38Warning) ... ok
test_handle_mentions (test.test_casiof91w.TestCasioF91W_Fail) ... ok
test_send_beep (test.test_casiof91w.TestCasioF91W_Fail) ... ok
test_get_mentions (test.test_casiof91w.TestCasioF91W_OK) ... ok
test_parse_tweet_for_alarm_1 (test.test_casiof91w.TestCasioF91W_OK) ... ok
test_parse_tweet_for_alarm_4 (test.test_casiof91w.TestCasioF91W_OK) ... ok
test_parse_tweet_for_alarm_5 (test.test_casiof91w.TestCasioF91W_OK) ... ok
test_parse_tweet_for_alarm_8_noon (test.test_casiof91w.TestCasioF91W_OK) ... ok
test_save_alarm (test.test_casiof91w.TestCasioF91W_OK) ... ok
test_send_beep (test.test_casiof91w.TestCasioF91W_OK) ... ok
test_send_no_alarms (test.test_casiof91w.TestCasioF91W_OK) ... ok
test_y2k38warning_daily (test.test_robot_zoo.TestRobotZooUTC) ... ok
test_y2k38warning_every_minute (test.test_robot_zoo.TestRobotZooUTC) ... ok
test_y2k38warning_every_second (test.test_robot_zoo.TestRobotZooUTC) ... ok
test_y2k38warning_hourly (test.test_robot_zoo.TestRobotZooUTC) ... ok
test_y2k38warning_monthly (test.test_robot_zoo.TestRobotZooUTC) ... ok
test_y2k38warning_yearly (test.test_robot_zoo.TestRobotZooUTC) ... ok
test_y2k38warning_zero (test.test_robot_zoo.TestRobotZooUTC) ... ok
test_fail (test.test_twitter.TestRetry) ... ok
test_retry (test.test_twitter.TestRetry) ... ok
test_ultimately_ok (test.test_twitter.TestRetry) ... ok
test_nl_2013 (test.test_holiday.TestHoliday) ... ok
test_nl_2014 (test.test_holiday.TestHoliday) ... ok
test_nl_2015 (test.test_holiday.TestHoliday) ... ok

----------------------------------------------------------------------
Ran 65 tests in 0.203s

OK
